#-----------------------------------------------------------
# Vivado v2019.1 (64-bit)
# SW Build 2552052 on Fri May 24 14:49:42 MDT 2019
# IP Build 2548770 on Fri May 24 18:01:18 MDT 2019
# Start of session at: Mon Nov  2 09:39:42 2020
# Process ID: 20384
# Current directory: C:/RISCV_Assignment/xilinxprj/RISCV
# Command line: vivado.exe -gui_launcher_event rodinguilauncherevent9944 C:\RISCV_Assignment\xilinxprj\RISCV\riscv.xpr
# Log file: C:/RISCV_Assignment/xilinxprj/RISCV/vivado.log
# Journal file: C:/RISCV_Assignment/xilinxprj/RISCV\vivado.jou
#-----------------------------------------------------------
start_gui
open_project C:/RISCV_Assignment/xilinxprj/RISCV/riscv.xpr
update_compile_order -fileset sources_1
reset_run synth_1
launch_runs synth_1 -jobs 4
wait_on_run synth_1
launch_runs impl_1 -jobs 4
wait_on_run impl_1
launch_simulation
open_wave_config C:/RISCV_Assignment/xilinxprj/RISCV/simulation/RISCV_TB_behav.wcfg
source RISCV_TB.tcl
reset_run synth_1
launch_runs synth_1 -jobs 4
wait_on_run synth_1
open_run synth_1 -name synth_1
close_sim
launch_simulation
open_wave_config C:/RISCV_Assignment/xilinxprj/RISCV/simulation/RISCV_TB_behav.wcfg
source RISCV_TB.tcl
reset_run synth_1
launch_runs synth_1 -jobs 4
wait_on_run synth_1
open_run synth_1 -name synth_1
close_sim
launch_simulation
open_wave_config C:/RISCV_Assignment/xilinxprj/RISCV/simulation/RISCV_TB_behav.wcfg
source RISCV_TB.tcl
open_run synth_1 -name synth_1
close_sim
launch_simulation
open_wave_config C:/RISCV_Assignment/xilinxprj/RISCV/simulation/RISCV_TB_behav.wcfg
source RISCV_TB.tcl
close_sim
