#-----------------------------------------------------------
# Webtalk v2019.1 (64-bit)
# SW Build 2552052 on Fri May 24 14:49:42 MDT 2019
# IP Build 2548770 on Fri May 24 18:01:18 MDT 2019
# Start of session at: Sun Nov  1 20:30:18 2020
# Process ID: 16356
# Current directory: C:/RISCV_VivadoVHDLProject_vicilogic/RISCV_VivadoVHDLProject_vicilogic/xilinxprj/RISCV/riscv.sim/sim_1/behav/xsim
# Command line: wbtcv.exe -mode batch -source C:/RISCV_VivadoVHDLProject_vicilogic/RISCV_VivadoVHDLProject_vicilogic/xilinxprj/RISCV/riscv.sim/sim_1/behav/xsim/xsim.dir/RISCV_TB_behav/webtalk/xsim_webtalk.tcl -notrace
# Log file: C:/RISCV_VivadoVHDLProject_vicilogic/RISCV_VivadoVHDLProject_vicilogic/xilinxprj/RISCV/riscv.sim/sim_1/behav/xsim/webtalk.log
# Journal file: C:/RISCV_VivadoVHDLProject_vicilogic/RISCV_VivadoVHDLProject_vicilogic/xilinxprj/RISCV/riscv.sim/sim_1/behav/xsim\webtalk.jou
#-----------------------------------------------------------
source C:/RISCV_VivadoVHDLProject_vicilogic/RISCV_VivadoVHDLProject_vicilogic/xilinxprj/RISCV/riscv.sim/sim_1/behav/xsim/xsim.dir/RISCV_TB_behav/webtalk/xsim_webtalk.tcl -notrace
